Archive member included to satisfy reference by file (symbol)

/home/abdelfattah/.platformio/packages/toolchain-gccarmnoneeabi/bin/../lib/gcc/arm-none-eabi/7.2.1/../../../../arm-none-eabi/lib/thumb/v7e-m/libc_nano.a(lib_a-exit.o)
                              /home/abdelfattah/.platformio/packages/toolchain-gccarmnoneeabi/bin/../lib/gcc/arm-none-eabi/7.2.1/../../../../arm-none-eabi/lib/thumb/v7e-m/crt0.o (exit)
/home/abdelfattah/.platformio/packages/toolchain-gccarmnoneeabi/bin/../lib/gcc/arm-none-eabi/7.2.1/../../../../arm-none-eabi/lib/thumb/v7e-m/libc_nano.a(lib_a-impure.o)
                              /home/abdelfattah/.platformio/packages/toolchain-gccarmnoneeabi/bin/../lib/gcc/arm-none-eabi/7.2.1/../../../../arm-none-eabi/lib/thumb/v7e-m/libc_nano.a(lib_a-exit.o) (_global_impure_ptr)
/home/abdelfattah/.platformio/packages/toolchain-gccarmnoneeabi/bin/../lib/gcc/arm-none-eabi/7.2.1/../../../../arm-none-eabi/lib/thumb/v7e-m/libc_nano.a(lib_a-init.o)
                              /home/abdelfattah/.platformio/packages/toolchain-gccarmnoneeabi/bin/../lib/gcc/arm-none-eabi/7.2.1/../../../../arm-none-eabi/lib/thumb/v7e-m/crt0.o (__libc_init_array)
/home/abdelfattah/.platformio/packages/toolchain-gccarmnoneeabi/bin/../lib/gcc/arm-none-eabi/7.2.1/../../../../arm-none-eabi/lib/thumb/v7e-m/libc_nano.a(lib_a-memset.o)
                              /home/abdelfattah/.platformio/packages/toolchain-gccarmnoneeabi/bin/../lib/gcc/arm-none-eabi/7.2.1/../../../../arm-none-eabi/lib/thumb/v7e-m/crt0.o (memset)
/home/abdelfattah/.platformio/packages/toolchain-gccarmnoneeabi/bin/../lib/gcc/arm-none-eabi/7.2.1/../../../../arm-none-eabi/lib/thumb/v7e-m/libc_nano.a(lib_a-printf.o)
                              .pio/build/genericSTM32F401CC/src/main.o (printf)
/home/abdelfattah/.platformio/packages/toolchain-gccarmnoneeabi/bin/../lib/gcc/arm-none-eabi/7.2.1/../../../../arm-none-eabi/lib/thumb/v7e-m/libc_nano.a(lib_a-findfp.o)
                              /home/abdelfattah/.platformio/packages/toolchain-gccarmnoneeabi/bin/../lib/gcc/arm-none-eabi/7.2.1/../../../../arm-none-eabi/lib/thumb/v7e-m/libc_nano.a(lib_a-printf.o) (__sinit)
/home/abdelfattah/.platformio/packages/toolchain-gccarmnoneeabi/bin/../lib/gcc/arm-none-eabi/7.2.1/../../../../arm-none-eabi/lib/thumb/v7e-m/libc_nano.a(lib_a-fwalk.o)
                              /home/abdelfattah/.platformio/packages/toolchain-gccarmnoneeabi/bin/../lib/gcc/arm-none-eabi/7.2.1/../../../../arm-none-eabi/lib/thumb/v7e-m/libc_nano.a(lib_a-findfp.o) (_fwalk)
/home/abdelfattah/.platformio/packages/toolchain-gccarmnoneeabi/bin/../lib/gcc/arm-none-eabi/7.2.1/../../../../arm-none-eabi/lib/thumb/v7e-m/libc_nano.a(lib_a-nano-mallocr.o)
                              /home/abdelfattah/.platformio/packages/toolchain-gccarmnoneeabi/bin/../lib/gcc/arm-none-eabi/7.2.1/../../../../arm-none-eabi/lib/thumb/v7e-m/libc_nano.a(lib_a-findfp.o) (_malloc_r)
/home/abdelfattah/.platformio/packages/toolchain-gccarmnoneeabi/bin/../lib/gcc/arm-none-eabi/7.2.1/../../../../arm-none-eabi/lib/thumb/v7e-m/libc_nano.a(lib_a-nano-vfprintf.o)
                              /home/abdelfattah/.platformio/packages/toolchain-gccarmnoneeabi/bin/../lib/gcc/arm-none-eabi/7.2.1/../../../../arm-none-eabi/lib/thumb/v7e-m/libc_nano.a(lib_a-printf.o) (_vfprintf_r)
/home/abdelfattah/.platformio/packages/toolchain-gccarmnoneeabi/bin/../lib/gcc/arm-none-eabi/7.2.1/../../../../arm-none-eabi/lib/thumb/v7e-m/libc_nano.a(lib_a-nano-vfprintf_i.o)
                              /home/abdelfattah/.platformio/packages/toolchain-gccarmnoneeabi/bin/../lib/gcc/arm-none-eabi/7.2.1/../../../../arm-none-eabi/lib/thumb/v7e-m/libc_nano.a(lib_a-nano-vfprintf.o) (_printf_i)
/home/abdelfattah/.platformio/packages/toolchain-gccarmnoneeabi/bin/../lib/gcc/arm-none-eabi/7.2.1/../../../../arm-none-eabi/lib/thumb/v7e-m/libc_nano.a(lib_a-sbrkr.o)
                              /home/abdelfattah/.platformio/packages/toolchain-gccarmnoneeabi/bin/../lib/gcc/arm-none-eabi/7.2.1/../../../../arm-none-eabi/lib/thumb/v7e-m/libc_nano.a(lib_a-nano-mallocr.o) (_sbrk_r)
/home/abdelfattah/.platformio/packages/toolchain-gccarmnoneeabi/bin/../lib/gcc/arm-none-eabi/7.2.1/../../../../arm-none-eabi/lib/thumb/v7e-m/libc_nano.a(lib_a-stdio.o)
                              /home/abdelfattah/.platformio/packages/toolchain-gccarmnoneeabi/bin/../lib/gcc/arm-none-eabi/7.2.1/../../../../arm-none-eabi/lib/thumb/v7e-m/libc_nano.a(lib_a-findfp.o) (__sread)
/home/abdelfattah/.platformio/packages/toolchain-gccarmnoneeabi/bin/../lib/gcc/arm-none-eabi/7.2.1/../../../../arm-none-eabi/lib/thumb/v7e-m/libc_nano.a(lib_a-wbuf.o)
                              /home/abdelfattah/.platformio/packages/toolchain-gccarmnoneeabi/bin/../lib/gcc/arm-none-eabi/7.2.1/../../../../arm-none-eabi/lib/thumb/v7e-m/libc_nano.a(lib_a-nano-vfprintf.o) (__swbuf_r)
[...]
Memory Configuration

Name             Origin             Length             Attributes
RAM              0x0000000020000000 0x0000000000010000 xrw
FLASH            0x0000000008000000 0x0000000000040000 xr
LED_CFG          0x0000000020001000 0x0000000000000004 xrw
*default*        0x0000000000000000 0xffffffffffffffff

Linker script and memory map

LOAD /home/abdelfattah/.platformio/packages/toolchain-gccarmnoneeabi/bin/../lib/gcc/arm-none-eabi/7.2.1/thumb/v7e-m/crti.o
LOAD /home/abdelfattah/.platformio/packages/toolchain-gccarmnoneeabi/bin/../lib/gcc/arm-none-eabi/7.2.1/thumb/v7e-m/crtbegin.o
LOAD /home/abdelfattah/.platformio/packages/toolchain-gccarmnoneeabi/bin/../lib/gcc/arm-none-eabi/7.2.1/../../../../arm-none-eabi/lib/thumb/v7e-m/crt0.o
LOAD .pio/build/genericSTM32F401CC/FrameworkCMSIS/gcc/startup_stm32f401xc.o
LOAD .pio/build/genericSTM32F401CC/FrameworkCMSIS/system_stm32f4xx.o
LOAD .pio/build/genericSTM32F401CC/src/HAL/config/LED_cfg.o
LOAD .pio/build/genericSTM32F401CC/src/HAL/config/SWITCH_cfg.o
LOAD .pio/build/genericSTM32F401CC/src/HAL/interface/LED.o
LOAD .pio/build/genericSTM32F401CC/src/HAL/interface/SWITCH.o
LOAD .pio/build/genericSTM32F401CC/src/MCAL/interface/GPIO.o
LOAD .pio/build/genericSTM32F401CC/src/MCAL/interface/rcc.o
LOAD .pio/build/genericSTM32F401CC/src/main.o
START GROUP
LOAD /home/abdelfattah/.platformio/packages/toolchain-gccarmnoneeabi/bin/../lib/gcc/arm-none-eabi/7.2.1/../../../../arm-none-eabi/lib/thumb/v7e-m/libc_nano.a
LOAD /home/abdelfattah/.platformio/packages/toolchain-gccarmnoneeabi/bin/../lib/gcc/arm-none-eabi/7.2.1/thumb/v7e-m/libgcc.a
LOAD /home/abdelfattah/.platformio/packages/toolchain-gccarmnoneeabi/bin/../lib/gcc/arm-none-eabi/7.2.1/../../../../arm-none-eabi/lib/thumb/v7e-m/libm.a
LOAD /home/abdelfattah/.platformio/packages/toolchain-gccarmnoneeabi/bin/../lib/gcc/arm-none-eabi/7.2.1/../../../../arm-none-eabi/lib/thumb/v7e-m/libstdc++_nano.a
END GROUP
START GROUP
LOAD /home/abdelfattah/.platformio/packages/toolchain-gccarmnoneeabi/bin/../lib/gcc/arm-none-eabi/7.2.1/thumb/v7e-m/libgcc.a
LOAD /home/abdelfattah/.platformio/packages/toolchain-gccarmnoneeabi/bin/../lib/gcc/arm-none-eabi/7.2.1/../../../../arm-none-eabi/lib/thumb/v7e-m/libg_nano.a
LOAD /home/abdelfattah/.platformio/packages/toolchain-gccarmnoneeabi/bin/../lib/gcc/arm-none-eabi/7.2.1/../../../../arm-none-eabi/lib/thumb/v7e-m/libc_nano.a
END GROUP
START GROUP
LOAD /home/abdelfattah/.platformio/packages/toolchain-gccarmnoneeabi/bin/../lib/gcc/arm-none-eabi/7.2.1/thumb/v7e-m/libgcc.a
LOAD /home/abdelfattah/.platformio/packages/toolchain-gccarmnoneeabi/bin/../lib/gcc/arm-none-eabi/7.2.1/../../../../arm-none-eabi/lib/thumb/v7e-m/libc_nano.a
LOAD /home/abdelfattah/.platformio/packages/toolchain-gccarmnoneeabi/bin/../lib/gcc/arm-none-eabi/7.2.1/../../../../arm-none-eabi/lib/thumb/v7e-m/libnosys.a
END GROUP
START GROUP
LOAD /home/abdelfattah/.platformio/packages/toolchain-gccarmnoneeabi/bin/../lib/gcc/arm-none-eabi/7.2.1/thumb/v7e-m/libgcc.a
LOAD /home/abdelfattah/.platformio/packages/toolchain-gccarmnoneeabi/bin/../lib/gcc/arm-none-eabi/7.2.1/../../../../arm-none-eabi/lib/thumb/v7e-m/libc_nano.a
LOAD /home/abdelfattah/.platformio/packages/toolchain-gccarmnoneeabi/bin/../lib/gcc/arm-none-eabi/7.2.1/../../../../arm-none-eabi/lib/thumb/v7e-m/libnosys.a
END GROUP
LOAD /home/abdelfattah/.platformio/packages/toolchain-gccarmnoneeabi/bin/../lib/gcc/arm-none-eabi/7.2.1/thumb/v7e-m/crtend.o
LOAD /home/abdelfattah/.platformio/packages/toolchain-gccarmnoneeabi/bin/../lib/gcc/arm-none-eabi/7.2.1/thumb/v7e-m/crtn.o
                0x0000000020010000                _estack = (ORIGIN (RAM) + LENGTH (RAM))
                0x0000000000000200                _Min_Heap_Size = 0x200
                0x0000000000000400                _Min_Stack_Size = 0x400

.isr_vector     0x0000000008000000      0x194
                0x0000000008000000                . = ALIGN (0x4)
 *(.isr_vector)
 .isr_vector    0x0000000008000000      0x194 .pio/build/genericSTM32F401CC/FrameworkCMSIS/gcc/startup_stm32f401xc.o
                0x0000000008000000                g_pfnVectors
                0x0000000008000194                . = ALIGN (0x4)

.text           0x00000000080001a0     0x1034
                0x00000000080001a0                . = ALIGN (0x4)
 *(.text)
 .text          0x00000000080001a0       0x40 /home/abdelfattah/.platformio/packages/toolchain-gccarmnoneeabi/bin/../lib/gcc/arm-none-eabi/7.2.1/thumb/v7e-m/crtbegin.o
 .text          0x00000000080001e0       0xa0 /home/abdelfattah/.platformio/packages/toolchain-gccarmnoneeabi/bin/../lib/gcc/arm-none-eabi/7.2.1/../../../../arm-none-eabi/lib/thumb/v7e-m/libc_nano.a(lib_a-memchr.o)
                0x00000000080001e0                memchr
 *(.text*)
 .text.Reset_Handler
                0x0000000008000280       0x54 .pio/build/genericSTM32F401CC/FrameworkCMSIS/gcc/startup_stm32f401xc.o
                0x0000000008000280                Reset_Handler
 .text.Default_Handler
                0x00000000080002d4        0x2 .pio/build/genericSTM32F401CC/FrameworkCMSIS/gcc/startup_stm32f401xc.o
                0x00000000080002d4                RTC_Alarm_IRQHandler
                0x00000000080002d4                EXTI2_IRQHandler
                0x00000000080002d4                DebugMon_Handler
                0x00000000080002d4                SPI4_IRQHandler
                0x00000000080002d4                TIM1_CC_IRQHandler
                0x00000000080002d4                DMA2_Stream5_IRQHandler
                0x00000000080002d4                HardFault_Handler
                0x00000000080002d4                DMA1_Stream5_IRQHandler
                0x00000000080002d4                SysTick_Handler
                0x00000000080002d4                PVD_IRQHandler
                0x00000000080002d4                SDIO_IRQHandler
                0x00000000080002d4                TAMP_STAMP_IRQHandler
                0x00000000080002d4                PendSV_Handler
                0x00000000080002d4                NMI_Handler
                0x00000000080002d4                EXTI3_IRQHandler
                0x00000000080002d4                TIM1_UP_TIM10_IRQHandler
                0x00000000080002d4                I2C3_ER_IRQHandler
                0x00000000080002d4                EXTI0_IRQHandler
                0x00000000080002d4                I2C2_EV_IRQHandler
                0x00000000080002d4                DMA1_Stream2_IRQHandler
                0x00000000080002d4                FPU_IRQHandler
                0x00000000080002d4                UsageFault_Handler
                0x00000000080002d4                DMA2_Stream2_IRQHandler
                0x00000000080002d4                SPI1_IRQHandler
                0x00000000080002d4                TIM1_BRK_TIM9_IRQHandler
                0x00000000080002d4                DMA2_Stream3_IRQHandler
                0x00000000080002d4                USART6_IRQHandler
                0x00000000080002d4                DMA2_Stream0_IRQHandler
                0x00000000080002d4                TIM4_IRQHandler
                0x00000000080002d4                I2C1_EV_IRQHandler
                0x00000000080002d4                DMA1_Stream6_IRQHandler
                0x00000000080002d4                DMA1_Stream1_IRQHandler
                0x00000000080002d4                TIM3_IRQHandler
                0x00000000080002d4                RCC_IRQHandler
                0x00000000080002d4                Default_Handler
                0x00000000080002d4                EXTI15_10_IRQHandler
                0x00000000080002d4                ADC_IRQHandler
                0x00000000080002d4                DMA1_Stream7_IRQHandler
                0x00000000080002d4                TIM5_IRQHandler
                0x00000000080002d4                DMA2_Stream7_IRQHandler
                0x00000000080002d4                I2C3_EV_IRQHandler
                0x00000000080002d4                EXTI9_5_IRQHandler
                0x00000000080002d4                RTC_WKUP_IRQHandler
                0x00000000080002d4                SPI2_IRQHandler
                0x00000000080002d4                MemManage_Handler
                0x00000000080002d4                DMA1_Stream0_IRQHandler
                0x00000000080002d4                SVC_Handler
                0x00000000080002d4                EXTI4_IRQHandler
                0x00000000080002d4                WWDG_IRQHandler
                0x00000000080002d4                TIM2_IRQHandler
                0x00000000080002d4                OTG_FS_WKUP_IRQHandler
                0x00000000080002d4                TIM1_TRG_COM_TIM11_IRQHandler
                0x00000000080002d4                EXTI1_IRQHandler
                0x00000000080002d4                USART2_IRQHandler
                0x00000000080002d4                I2C2_ER_IRQHandler
                0x00000000080002d4                DMA2_Stream1_IRQHandler
                0x00000000080002d4                FLASH_IRQHandler
                0x00000000080002d4                DMA2_Stream4_IRQHandler
                0x00000000080002d4                BusFault_Handler
                0x00000000080002d4                USART1_IRQHandler
                0x00000000080002d4                OTG_FS_IRQHandler
                0x00000000080002d4                SPI3_IRQHandler
                0x00000000080002d4                DMA1_Stream4_IRQHandler
                0x00000000080002d4                I2C1_ER_IRQHandler
                0x00000000080002d4                DMA2_Stream6_IRQHandler
                0x00000000080002d4                DMA1_Stream3_IRQHandler
 .text.SystemInit
                0x00000000080002d6        0x2 .pio/build/genericSTM32F401CC/FrameworkCMSIS/system_stm32f4xx.o
                0x00000000080002d6                SystemInit
 .text.main     0x00000000080002d8       0x50 .pio/build/genericSTM32F401CC/src/main.o
                0x00000000080002d8                main
 .text.__libc_init_array
                0x0000000008000328       0x48 /home/abdelfattah/.platformio/packages/toolchain-gccarmnoneeabi/bin/../lib/gcc/arm-none-eabi/7.2.1/../../../../arm-none-eabi/lib/thumb/v7e-m/libc_nano.a(lib_a-init.o)
                0x0000000008000328                __libc_init_array
 .text.memset   0x0000000008000370       0x10 /home/abdelfattah/.platformio/packages/toolchain-gccarmnoneeabi/bin/../lib/gcc/arm-none-eabi/7.2.1/../../../../arm-none-eabi/lib/thumb/v7e-m/libc_nano.a(lib_a-memset.o)
                0x0000000008000370                memset
 .text.printf   0x0000000008000380       0x30 /home/abdelfattah/.platformio/packages/toolchain-gccarmnoneeabi/bin/../lib/gcc/arm-none-eabi/7.2.1/../../../../arm-none-eabi/lib/thumb/v7e-m/libc_nano.a(lib_a-printf.o)
                0x0000000008000380                printf
                0x0000000008000380                iprintf
 .text.std      0x00000000080003b0       0x48 /home/abdelfattah/.platformio/packages/toolchain-gccarmnoneeabi/bin/../lib/gcc/arm-none-eabi/7.2.1/../../../../arm-none-eabi/lib/thumb/v7e-m/libc_nano.a(lib_a-findfp.o)
 .text._cleanup_r
                0x00000000080003f8        0xc /home/abdelfattah/.platformio/packages/toolchain-gccarmnoneeabi/bin/../lib/gcc/arm-none-eabi/7.2.1/../../../../arm-none-eabi/lib/thumb/v7e-m/libc_nano.a(lib_a-findfp.o)
                0x00000000080003f8                _cleanup_r
 .text.__sfmoreglue
                0x0000000008000404       0x2c /home/abdelfattah/.platformio/packages/toolchain-gccarmnoneeabi/bin/../lib/gcc/arm-none-eabi/7.2.1/../../../../arm-none-eabi/lib/thumb/v7e-m/libc_nano.a(lib_a-findfp.o)
                0x0000000008000404                __sfmoreglue
 .text.__sinit  0x0000000008000430       0x60 /home/abdelfattah/.platformio/packages/toolchain-gccarmnoneeabi/bin/../lib/gcc/arm-none-eabi/7.2.1/../../../../arm-none-eabi/lib/thumb/v7e-m/libc_nano.a(lib_a-findfp.o)
                0x0000000008000430                __sinit
 .text.__sfp    0x0000000008000490       0x78 /home/abdelfattah/.platformio/packages/toolchain-gccarmnoneeabi/bin/../lib/gcc/arm-none-eabi/7.2.1/../../../../arm-none-eabi/lib/thumb/v7e-m/libc_nano.a(lib_a-findfp.o)
                0x0000000008000490                __sfp
 .text._fwalk_reent
                0x0000000008000508       0x3c /home/abdelfattah/.platformio/packages/toolchain-gccarmnoneeabi/bin/../lib/gcc/arm-none-eabi/7.2.1/../../../../arm-none-eabi/lib/thumb/v7e-m/libc_nano.a(lib_a-fwalk.o)
                0x0000000008000508                _fwalk_reent
 .text._malloc_r
                0x0000000008000544       0xb4 /home/abdelfattah/.platformio/packages/toolchain-gccarmnoneeabi/bin/../lib/gcc/arm-none-eabi/7.2.1/../../../../arm-none-eabi/lib/thumb/v7e-m/libc_nano.a(lib_a-nano-mallocr.o)
                0x0000000008000544                _malloc_r
 .text.__sfputc_r
                0x00000000080005f8       0x2a /home/abdelfattah/.platformio/packages/toolchain-gccarmnoneeabi/bin/../lib/gcc/arm-none-eabi/7.2.1/../../../../arm-none-eabi/lib/thumb/v7e-m/libc_nano.a(lib_a-nano-vfprintf.o)
 .text.__sfputs_r
                0x0000000008000622       0x24 /home/abdelfattah/.platformio/packages/toolchain-gccarmnoneeabi/bin/../lib/gcc/arm-none-eabi/7.2.1/../../../../arm-none-eabi/lib/thumb/v7e-m/libc_nano.a(lib_a-nano-vfprintf.o)
                0x0000000008000622                __sfputs_r
 *fill*         0x0000000008000646        0x2 
 .text._vfprintf_r
                0x0000000008000648      0x228 /home/abdelfattah/.platformio/packages/toolchain-gccarmnoneeabi/bin/../lib/gcc/arm-none-eabi/7.2.1/../../../../arm-none-eabi/lib/thumb/v7e-m/libc_nano.a(lib_a-nano-vfprintf.o)
                0x0000000008000648                _vfiprintf_r
                0x0000000008000648                _vfprintf_r
 .text._printf_common
                0x0000000008000870       0xea /home/abdelfattah/.platformio/packages/toolchain-gccarmnoneeabi/bin/../lib/gcc/arm-none-eabi/7.2.1/../../../../arm-none-eabi/lib/thumb/v7e-m/libc_nano.a(lib_a-nano-vfprintf_i.o)
                0x0000000008000870                _printf_common
 *fill*         0x000000000800095a        0x2 
 .text._printf_i
                0x000000000800095c      0x224 /home/abdelfattah/.platformio/packages/toolchain-gccarmnoneeabi/bin/../lib/gcc/arm-none-eabi/7.2.1/../../../../arm-none-eabi/lib/thumb/v7e-m/libc_nano.a(lib_a-nano-vfprintf_i.o)
                0x000000000800095c                _printf_i
 .text._sbrk_r  0x0000000008000b80       0x20 /home/abdelfattah/.platformio/packages/toolchain-gccarmnoneeabi/bin/../lib/gcc/arm-none-eabi/7.2.1/../../../../arm-none-eabi/lib/thumb/v7e-m/libc_nano.a(lib_a-sbrkr.o)
                0x0000000008000b80                _sbrk_r
 .text.__sread  0x0000000008000ba0       0x22 /home/abdelfattah/.platformio/packages/toolchain-gccarmnoneeabi/bin/../lib/gcc/arm-none-eabi/7.2.1/../../../../arm-none-eabi/lib/thumb/v7e-m/libc_nano.a(lib_a-stdio.o)
                0x0000000008000ba0                __sread
 .text.__swrite
                0x0000000008000bc2       0x38 /home/abdelfattah/.platformio/packages/toolchain-gccarmnoneeabi/bin/../lib/gcc/arm-none-eabi/7.2.1/../../../../arm-none-eabi/lib/thumb/v7e-m/libc_nano.a(lib_a-stdio.o)
                0x0000000008000bc2                __swrite
 .text.__sseek  0x0000000008000bfa       0x24 /home/abdelfattah/.platformio/packages/toolchain-gccarmnoneeabi/bin/../lib/gcc/arm-none-eabi/7.2.1/../../../../arm-none-eabi/lib/thumb/v7e-m/libc_nano.a(lib_a-stdio.o)
                0x0000000008000bfa                __sseek
 .text.__sclose
                0x0000000008000c1e        0x8 /home/abdelfattah/.platformio/packages/toolchain-gccarmnoneeabi/bin/../lib/gcc/arm-none-eabi/7.2.1/../../../../arm-none-eabi/lib/thumb/v7e-m/libc_nano.a(lib_a-stdio.o)
                0x0000000008000c1e                __sclose
 *fill*         0x0000000008000c26        0x2 
 .text.__swbuf_r
                0x0000000008000c28       0xa4 /home/abdelfattah/.platformio/packages/toolchain-gccarmnoneeabi/bin/../lib/gcc/arm-none-eabi/7.2.1/../../../../arm-none-eabi/lib/thumb/v7e-m/libc_nano.a(lib_a-wbuf.o)
                0x0000000008000c28                __swbuf_r
 .text._write_r
                0x0000000008000ccc       0x24 /home/abdelfattah/.platformio/packages/toolchain-gccarmnoneeabi/bin/../lib/gcc/arm-none-eabi/7.2.1/../../../../arm-none-eabi/lib/thumb/v7e-m/libc_nano.a(lib_a-writer.o)
                0x0000000008000ccc                _write_r
 .text.__swsetup_r
                0x0000000008000cf0       0xdc /home/abdelfattah/.platformio/packages/toolchain-gccarmnoneeabi/bin/../lib/gcc/arm-none-eabi/7.2.1/../../../../arm-none-eabi/lib/thumb/v7e-m/libc_nano.a(lib_a-wsetup.o)
                0x0000000008000cf0                __swsetup_r
 .text._close_r
                0x0000000008000dcc       0x20 /home/abdelfattah/.platformio/packages/toolchain-gccarmnoneeabi/bin/../lib/gcc/arm-none-eabi/7.2.1/../../../../arm-none-eabi/lib/thumb/v7e-m/libc_nano.a(lib_a-closer.o)
                0x0000000008000dcc                _close_r
 .text.__sflush_r
                0x0000000008000dec      0x10c /home/abdelfattah/.platformio/packages/toolchain-gccarmnoneeabi/bin/../lib/gcc/arm-none-eabi/7.2.1/../../../../arm-none-eabi/lib/thumb/v7e-m/libc_nano.a(lib_a-fflush.o)
                0x0000000008000dec                __sflush_r
 .text._fflush_r
                0x0000000008000ef8       0x54 /home/abdelfattah/.platformio/packages/toolchain-gccarmnoneeabi/bin/../lib/gcc/arm-none-eabi/7.2.1/../../../../arm-none-eabi/lib/thumb/v7e-m/libc_nano.a(lib_a-fflush.o)
                0x0000000008000ef8                _fflush_r
 .text._lseek_r
                0x0000000008000f4c       0x24 /home/abdelfattah/.platformio/packages/toolchain-gccarmnoneeabi/bin/../lib/gcc/arm-none-eabi/7.2.1/../../../../arm-none-eabi/lib/thumb/v7e-m/libc_nano.a(lib_a-lseekr.o)
                0x0000000008000f4c                _lseek_r
 .text.__swhatbuf_r
                0x0000000008000f70       0x48 /home/abdelfattah/.platformio/packages/toolchain-gccarmnoneeabi/bin/../lib/gcc/arm-none-eabi/7.2.1/../../../../arm-none-eabi/lib/thumb/v7e-m/libc_nano.a(lib_a-makebuf.o)
                0x0000000008000f70                __swhatbuf_r
 .text.__smakebuf_r
                0x0000000008000fb8       0x80 /home/abdelfattah/.platformio/packages/toolchain-gccarmnoneeabi/bin/../lib/gcc/arm-none-eabi/7.2.1/../../../../arm-none-eabi/lib/thumb/v7e-m/libc_nano.a(lib_a-makebuf.o)
                0x0000000008000fb8                __smakebuf_r
 .text.__malloc_lock
                0x0000000008001038        0x2 /home/abdelfattah/.platformio/packages/toolchain-gccarmnoneeabi/bin/../lib/gcc/arm-none-eabi/7.2.1/../../../../arm-none-eabi/lib/thumb/v7e-m/libc_nano.a(lib_a-mlock.o)
                0x0000000008001038                __malloc_lock
 .text.__malloc_unlock
                0x000000000800103a        0x2 /home/abdelfattah/.platformio/packages/toolchain-gccarmnoneeabi/bin/../lib/gcc/arm-none-eabi/7.2.1/../../../../arm-none-eabi/lib/thumb/v7e-m/libc_nano.a(lib_a-mlock.o)
                0x000000000800103a                __malloc_unlock
 .text._free_r  0x000000000800103c       0x9c /home/abdelfattah/.platformio/packages/toolchain-gccarmnoneeabi/bin/../lib/gcc/arm-none-eabi/7.2.1/../../../../arm-none-eabi/lib/thumb/v7e-m/libc_nano.a(lib_a-nano-freer.o)
                0x000000000800103c                _free_r
 .text._read_r  0x00000000080010d8       0x24 /home/abdelfattah/.platformio/packages/toolchain-gccarmnoneeabi/bin/../lib/gcc/arm-none-eabi/7.2.1/../../../../arm-none-eabi/lib/thumb/v7e-m/libc_nano.a(lib_a-readr.o)
                0x00000000080010d8                _read_r
 .text._fstat_r
                0x00000000080010fc       0x24 /home/abdelfattah/.platformio/packages/toolchain-gccarmnoneeabi/bin/../lib/gcc/arm-none-eabi/7.2.1/../../../../arm-none-eabi/lib/thumb/v7e-m/libc_nano.a(lib_a-fstatr.o)
                0x00000000080010fc                _fstat_r
 .text._isatty_r
                0x0000000008001120       0x20 /home/abdelfattah/.platformio/packages/toolchain-gccarmnoneeabi/bin/../lib/gcc/arm-none-eabi/7.2.1/../../../../arm-none-eabi/lib/thumb/v7e-m/libc_nano.a(lib_a-isattyr.o)
                0x0000000008001120                _isatty_r
 .text._close   0x0000000008001140       0x10 /home/abdelfattah/.platformio/packages/toolchain-gccarmnoneeabi/bin/../lib/gcc/arm-none-eabi/7.2.1/../../../../arm-none-eabi/lib/thumb/v7e-m/libnosys.a(close.o)
                0x0000000008001140                _close
 .text._fstat   0x0000000008001150       0x10 /home/abdelfattah/.platformio/packages/toolchain-gccarmnoneeabi/bin/../lib/gcc/arm-none-eabi/7.2.1/../../../../arm-none-eabi/lib/thumb/v7e-m/libnosys.a(fstat.o)
                0x0000000008001150                _fstat
 .text._isatty  0x0000000008001160       0x10 /home/abdelfattah/.platformio/packages/toolchain-gccarmnoneeabi/bin/../lib/gcc/arm-none-eabi/7.2.1/../../../../arm-none-eabi/lib/thumb/v7e-m/libnosys.a(isatty.o)
                0x0000000008001160                _isatty
 .text._lseek   0x0000000008001170       0x10 /home/abdelfattah/.platformio/packages/toolchain-gccarmnoneeabi/bin/../lib/gcc/arm-none-eabi/7.2.1/../../../../arm-none-eabi/lib/thumb/v7e-m/libnosys.a(lseek.o)
                0x0000000008001170                _lseek
 .text._read    0x0000000008001180       0x10 /home/abdelfattah/.platformio/packages/toolchain-gccarmnoneeabi/bin/../lib/gcc/arm-none-eabi/7.2.1/../../../../arm-none-eabi/lib/thumb/v7e-m/libnosys.a(read.o)
                0x0000000008001180                _read
 .text._sbrk    0x0000000008001190       0x1c /home/abdelfattah/.platformio/packages/toolchain-gccarmnoneeabi/bin/../lib/gcc/arm-none-eabi/7.2.1/../../../../arm-none-eabi/lib/thumb/v7e-m/libnosys.a(sbrk.o)
                0x0000000008001190                _sbrk
 .text._write   0x00000000080011ac       0x10 /home/abdelfattah/.platformio/packages/toolchain-gccarmnoneeabi/bin/../lib/gcc/arm-none-eabi/7.2.1/../../../../arm-none-eabi/lib/thumb/v7e-m/libnosys.a(write.o)
                0x00000000080011ac                _write
 *(.glue_7)
 .glue_7        0x00000000080011bc        0x0 linker stubs
 *(.glue_7t)
 .glue_7t       0x00000000080011bc        0x0 linker stubs
 *(.eh_frame)
 .eh_frame      0x00000000080011bc        0x0 /home/abdelfattah/.platformio/packages/toolchain-gccarmnoneeabi/bin/../lib/gcc/arm-none-eabi/7.2.1/thumb/v7e-m/crtbegin.o
 *(.init)
 .init          0x00000000080011bc        0x4 /home/abdelfattah/.platformio/packages/toolchain-gccarmnoneeabi/bin/../lib/gcc/arm-none-eabi/7.2.1/thumb/v7e-m/crti.o
                0x00000000080011bc                _init
 .init          0x00000000080011c0        0x8 /home/abdelfattah/.platformio/packages/toolchain-gccarmnoneeabi/bin/../lib/gcc/arm-none-eabi/7.2.1/thumb/v7e-m/crtn.o
 *(.fini)
 .fini          0x00000000080011c8        0x4 /home/abdelfattah/.platformio/packages/toolchain-gccarmnoneeabi/bin/../lib/gcc/arm-none-eabi/7.2.1/thumb/v7e-m/crti.o
                0x00000000080011c8                _fini
 .fini          0x00000000080011cc        0x8 /home/abdelfattah/.platformio/packages/toolchain-gccarmnoneeabi/bin/../lib/gcc/arm-none-eabi/7.2.1/thumb/v7e-m/crtn.o
                0x00000000080011d4                . = ALIGN (0x4)
                0x00000000080011d4                _etext = .

.vfp11_veneer   0x00000000080011d4        0x0
 .vfp11_veneer  0x00000000080011d4        0x0 linker stubs

.v4_bx          0x00000000080011d4        0x0
 .v4_bx         0x00000000080011d4        0x0 linker stubs

.iplt           0x00000000080011d4        0x0
 .iplt          0x00000000080011d4        0x0 /home/abdelfattah/.platformio/packages/toolchain-gccarmnoneeabi/bin/../lib/gcc/arm-none-eabi/7.2.1/thumb/v7e-m/crtbegin.o

.rodata         0x00000000080011d4       0xa4
                0x00000000080011d4                . = ALIGN (0x4)
 *(.rodata)
 *(.rodata*)
 .rodata.main.str1.4
                0x00000000080011d4        0xc .pio/build/genericSTM32F401CC/src/main.o
                                          0xb (size before relaxing)
 .rodata._global_impure_ptr
                0x00000000080011e0        0x4 /home/abdelfattah/.platformio/packages/toolchain-gccarmnoneeabi/bin/../lib/gcc/arm-none-eabi/7.2.1/../../../../arm-none-eabi/lib/thumb/v7e-m/libc_nano.a(lib_a-impure.o)
                0x00000000080011e0                _global_impure_ptr
 .rodata.__sf_fake_stderr
                0x00000000080011e4       0x20 /home/abdelfattah/.platformio/packages/toolchain-gccarmnoneeabi/bin/../lib/gcc/arm-none-eabi/7.2.1/../../../../arm-none-eabi/lib/thumb/v7e-m/libc_nano.a(lib_a-findfp.o)
                0x00000000080011e4                __sf_fake_stderr
 .rodata.__sf_fake_stdin
                0x0000000008001204       0x20 /home/abdelfattah/.platformio/packages/toolchain-gccarmnoneeabi/bin/../lib/gcc/arm-none-eabi/7.2.1/../../../../arm-none-eabi/lib/thumb/v7e-m/libc_nano.a(lib_a-findfp.o)
                0x0000000008001204                __sf_fake_stdin
 .rodata.__sf_fake_stdout
                0x0000000008001224       0x20 /home/abdelfattah/.platformio/packages/toolchain-gccarmnoneeabi/bin/../lib/gcc/arm-none-eabi/7.2.1/../../../../arm-none-eabi/lib/thumb/v7e-m/libc_nano.a(lib_a-findfp.o)
                0x0000000008001224                __sf_fake_stdout
 .rodata._vfprintf_r.str1.1
                0x0000000008001244       0x11 /home/abdelfattah/.platformio/packages/toolchain-gccarmnoneeabi/bin/../lib/gcc/arm-none-eabi/7.2.1/../../../../arm-none-eabi/lib/thumb/v7e-m/libc_nano.a(lib_a-nano-vfprintf.o)
 .rodata._printf_i.str1.1
                0x0000000008001255       0x22 /home/abdelfattah/.platformio/packages/toolchain-gccarmnoneeabi/bin/../lib/gcc/arm-none-eabi/7.2.1/../../../../arm-none-eabi/lib/thumb/v7e-m/libc_nano.a(lib_a-nano-vfprintf_i.o)
                0x0000000008001278                . = ALIGN (0x4)
 *fill*         0x0000000008001277        0x1 

.rel.dyn        0x0000000008001278        0x0
 .rel.iplt      0x0000000008001278        0x0 /home/abdelfattah/.platformio/packages/toolchain-gccarmnoneeabi/bin/../lib/gcc/arm-none-eabi/7.2.1/thumb/v7e-m/crtbegin.o

.ARM.extab      0x0000000008001278        0x0
                0x0000000008001278                . = ALIGN (0x4)
 *(.ARM.extab* .gnu.linkonce.armextab.*)
                0x0000000008001278                . = ALIGN (0x4)

.ARM            0x0000000008001278        0x0
                0x0000000008001278                . = ALIGN (0x4)
                0x0000000008001278                __exidx_start = .
 *(.ARM.exidx*)
                0x0000000008001278                __exidx_end = .
                0x0000000008001278                . = ALIGN (0x4)

.preinit_array  0x0000000008001278        0x0
                0x0000000008001278                . = ALIGN (0x4)
                0x0000000008001278                PROVIDE (__preinit_array_start, .)
 *(.preinit_array*)
                0x0000000008001278                PROVIDE (__preinit_array_end, .)
                0x0000000008001278                . = ALIGN (0x4)

.init_array     0x0000000008001278        0x4
                0x0000000008001278                . = ALIGN (0x4)
                0x0000000008001278                PROVIDE (__init_array_start, .)
 *(SORT_BY_NAME(.init_array.*))
 *(.init_array*)
 .init_array    0x0000000008001278        0x4 /home/abdelfattah/.platformio/packages/toolchain-gccarmnoneeabi/bin/../lib/gcc/arm-none-eabi/7.2.1/thumb/v7e-m/crtbegin.o
                0x000000000800127c                PROVIDE (__init_array_end, .)
                0x000000000800127c                . = ALIGN (0x4)

.fini_array     0x000000000800127c        0x4
                0x000000000800127c                . = ALIGN (0x4)
                [!provide]                        PROVIDE (__fini_array_start, .)
 *(SORT_BY_NAME(.fini_array.*))
 *(.fini_array*)
 .fini_array    0x000000000800127c        0x4 /home/abdelfattah/.platformio/packages/toolchain-gccarmnoneeabi/bin/../lib/gcc/arm-none-eabi/7.2.1/thumb/v7e-m/crtbegin.o
                [!provide]                        PROVIDE (__fini_array_end, .)
                0x0000000008001280                . = ALIGN (0x4)
                0x0000000008001280                _sidata = LOADADDR (.data)

.data           0x0000000020000000       0x64 load address 0x0000000008001280
                0x0000000020000000                . = ALIGN (0x4)
                0x0000000020000000                _sdata = .
 *(.data)
 *(.data*)
 .data._impure_ptr
                0x0000000020000000        0x4 /home/abdelfattah/.platformio/packages/toolchain-gccarmnoneeabi/bin/../lib/gcc/arm-none-eabi/7.2.1/../../../../arm-none-eabi/lib/thumb/v7e-m/libc_nano.a(lib_a-impure.o)
                0x0000000020000000                _impure_ptr
 .data.impure_data
                0x0000000020000004       0x60 /home/abdelfattah/.platformio/packages/toolchain-gccarmnoneeabi/bin/../lib/gcc/arm-none-eabi/7.2.1/../../../../arm-none-eabi/lib/thumb/v7e-m/libc_nano.a(lib_a-impure.o)
 *(.RamFunc)
 *(.RamFunc*)
                0x0000000020000064                . = ALIGN (0x4)
                0x0000000020000064                _edata = .

.igot.plt       0x0000000020000064        0x0 load address 0x00000000080012e4
 .igot.plt      0x0000000020000064        0x0 /home/abdelfattah/.platformio/packages/toolchain-gccarmnoneeabi/bin/../lib/gcc/arm-none-eabi/7.2.1/thumb/v7e-m/crtbegin.o
                0x0000000020000064                . = ALIGN (0x4)

.bss            0x0000000020000064       0x30 load address 0x00000000080012e4
                0x0000000020000064                _sbss = .
                0x0000000020000064                __bss_start__ = _sbss
 *(.bss)
 .bss           0x0000000020000064       0x1c /home/abdelfattah/.platformio/packages/toolchain-gccarmnoneeabi/bin/../lib/gcc/arm-none-eabi/7.2.1/thumb/v7e-m/crtbegin.o
 *(.bss*)
 .bss.__malloc_free_list
                0x0000000020000080        0x4 /home/abdelfattah/.platformio/packages/toolchain-gccarmnoneeabi/bin/../lib/gcc/arm-none-eabi/7.2.1/../../../../arm-none-eabi/lib/thumb/v7e-m/libc_nano.a(lib_a-nano-mallocr.o)
                0x0000000020000080                __malloc_free_list
 .bss.__malloc_sbrk_start
                0x0000000020000084        0x4 /home/abdelfattah/.platformio/packages/toolchain-gccarmnoneeabi/bin/../lib/gcc/arm-none-eabi/7.2.1/../../../../arm-none-eabi/lib/thumb/v7e-m/libc_nano.a(lib_a-nano-mallocr.o)
                0x0000000020000084                __malloc_sbrk_start
 .bss.heap_end.4102
                0x0000000020000088        0x4 /home/abdelfattah/.platformio/packages/toolchain-gccarmnoneeabi/bin/../lib/gcc/arm-none-eabi/7.2.1/../../../../arm-none-eabi/lib/thumb/v7e-m/libnosys.a(sbrk.o)
 *(COMMON)
 COMMON         0x000000002000008c        0x4 .pio/build/genericSTM32F401CC/src/main.o
                0x000000002000008c                x
 COMMON         0x0000000020000090        0x4 /home/abdelfattah/.platformio/packages/toolchain-gccarmnoneeabi/bin/../lib/gcc/arm-none-eabi/7.2.1/../../../../arm-none-eabi/lib/thumb/v7e-m/libc_nano.a(lib_a-reent.o)
                0x0000000020000090                errno
                0x0000000020000094                . = ALIGN (0x4)
                0x0000000020000094                _ebss = .
                0x0000000020000094                __bss_end__ = _ebss
                0x0000000020000094                . = ALIGN (0x4)

.led_cfg_section
                0x0000000020001000        0x4
                0x0000000020001000                _sled_cfg = .
 *(.led_cfg_section)
 .led_cfg_section
                0x0000000020001000        0x4 .pio/build/genericSTM32F401CC/src/main.o
                0x0000000020001000                LED_CFG
 *(.led_cfg_section*)
                0x0000000020001004                _eled_cfg = .

._user_heap_stack
                0x0000000020000094      0x604
                0x0000000020000098                . = ALIGN (0x8)
 *fill*         0x0000000020000094        0x4 
                0x0000000020000098                PROVIDE (end, .)
                [!provide]                        PROVIDE (_end, .)
                0x0000000020000298                . = (. + _Min_Heap_Size)
 *fill*         0x0000000020000098      0x200 
                0x0000000020000698                . = (. + _Min_Stack_Size)
 *fill*         0x0000000020000298      0x400 
                0x0000000020000698                . = ALIGN (0x8)

/DISCARD/
 libc.a(*)
 libm.a(*)
 libgcc.a(*)

.ARM.attributes
                0x0000000000000000       0x2a
 *(.ARM.attributes)
 .ARM.attributes
                0x0000000000000000       0x1e /home/abdelfattah/.platformio/packages/toolchain-gccarmnoneeabi/bin/../lib/gcc/arm-none-eabi/7.2.1/thumb/v7e-m/crti.o
 .ARM.attributes
                0x000000000000001e       0x2e /home/abdelfattah/.platformio/packages/toolchain-gccarmnoneeabi/bin/../lib/gcc/arm-none-eabi/7.2.1/thumb/v7e-m/crtbegin.o
 .ARM.attributes
                0x000000000000004c       0x21 .pio/build/genericSTM32F401CC/FrameworkCMSIS/gcc/startup_stm32f401xc.o
 .ARM.attributes
                0x000000000000006d       0x33 .pio/build/genericSTM32F401CC/FrameworkCMSIS/system_stm32f4xx.o
 .ARM.attributes
                0x00000000000000a0       0x33 .pio/build/genericSTM32F401CC/src/main.o
 .ARM.attributes
                0x00000000000000d3       0x2e /home/abdelfattah/.platformio/packages/toolchain-gccarmnoneeabi/bin/../lib/gcc/arm-none-eabi/7.2.1/../../../../arm-none-eabi/lib/thumb/v7e-m/libc_nano.a(lib_a-impure.o)
 .ARM.attributes
                0x0000000000000101       0x2e /home/abdelfattah/.platformio/packages/toolchain-gccarmnoneeabi/bin/../lib/gcc/arm-none-eabi/7.2.1/../../../../arm-none-eabi/lib/thumb/v7e-m/libc_nano.a(lib_a-init.o)
 .ARM.attributes
                0x000000000000012f       0x2e /home/abdelfattah/.platformio/packages/toolchain-gccarmnoneeabi/bin/../lib/gcc/arm-none-eabi/7.2.1/../../../../arm-none-eabi/lib/thumb/v7e-m/libc_nano.a(lib_a-memset.o)
 .ARM.attributes
                0x000000000000015d       0x2e /home/abdelfattah/.platformio/packages/toolchain-gccarmnoneeabi/bin/../lib/gcc/arm-none-eabi/7.2.1/../../../../arm-none-eabi/lib/thumb/v7e-m/libc_nano.a(lib_a-printf.o)
 .ARM.attributes
                0x000000000000018b       0x2e /home/abdelfattah/.platformio/packages/toolchain-gccarmnoneeabi/bin/../lib/gcc/arm-none-eabi/7.2.1/../../../../arm-none-eabi/lib/thumb/v7e-m/libc_nano.a(lib_a-findfp.o)
 .ARM.attributes
                0x00000000000001b9       0x2e /home/abdelfattah/.platformio/packages/toolchain-gccarmnoneeabi/bin/../lib/gcc/arm-none-eabi/7.2.1/../../../../arm-none-eabi/lib/thumb/v7e-m/libc_nano.a(lib_a-fwalk.o)
 .ARM.attributes
                0x00000000000001e7       0x2e /home/abdelfattah/.platformio/packages/toolchain-gccarmnoneeabi/bin/../lib/gcc/arm-none-eabi/7.2.1/../../../../arm-none-eabi/lib/thumb/v7e-m/libc_nano.a(lib_a-nano-mallocr.o)
 .ARM.attributes
                0x0000000000000215       0x2e /home/abdelfattah/.platformio/packages/toolchain-gccarmnoneeabi/bin/../lib/gcc/arm-none-eabi/7.2.1/../../../../arm-none-eabi/lib/thumb/v7e-m/libc_nano.a(lib_a-nano-vfprintf.o)
 .ARM.attributes
                0x0000000000000243       0x2e /home/abdelfattah/.platformio/packages/toolchain-gccarmnoneeabi/bin/../lib/gcc/arm-none-eabi/7.2.1/../../../../arm-none-eabi/lib/thumb/v7e-m/libc_nano.a(lib_a-nano-vfprintf_i.o)
 .ARM.attributes
                0x0000000000000271       0x2e /home/abdelfattah/.platformio/packages/toolchain-gccarmnoneeabi/bin/../lib/gcc/arm-none-eabi/7.2.1/../../../../arm-none-eabi/lib/thumb/v7e-m/libc_nano.a(lib_a-sbrkr.o)
 .ARM.attributes
                0x000000000000029f       0x2e /home/abdelfattah/.platformio/packages/toolchain-gccarmnoneeabi/bin/../lib/gcc/arm-none-eabi/7.2.1/../../../../arm-none-eabi/lib/thumb/v7e-m/libc_nano.a(lib_a-stdio.o)
 .ARM.attributes
                0x00000000000002cd       0x2e /home/abdelfattah/.platformio/packages/toolchain-gccarmnoneeabi/bin/../lib/gcc/arm-none-eabi/7.2.1/../../../../arm-none-eabi/lib/thumb/v7e-m/libc_nano.a(lib_a-wbuf.o)
 .ARM.attributes
                0x00000000000002fb       0x2e /home/abdelfattah/.platformio/packages/toolchain-gccarmnoneeabi/bin/../lib/gcc/arm-none-eabi/7.2.1/../../../../arm-none-eabi/lib/thumb/v7e-m/libc_nano.a(lib_a-writer.o)
 .ARM.attributes
                0x0000000000000329       0x2e /home/abdelfattah/.platformio/packages/toolchain-gccarmnoneeabi/bin/../lib/gcc/arm-none-eabi/7.2.1/../../../../arm-none-eabi/lib/thumb/v7e-m/libc_nano.a(lib_a-wsetup.o)
 .ARM.attributes
                0x0000000000000357       0x2e /home/abdelfattah/.platformio/packages/toolchain-gccarmnoneeabi/bin/../lib/gcc/arm-none-eabi/7.2.1/../../../../arm-none-eabi/lib/thumb/v7e-m/libc_nano.a(lib_a-closer.o)
 .ARM.attributes
                0x0000000000000385       0x2e /home/abdelfattah/.platformio/packages/toolchain-gccarmnoneeabi/bin/../lib/gcc/arm-none-eabi/7.2.1/../../../../arm-none-eabi/lib/thumb/v7e-m/libc_nano.a(lib_a-fflush.o)
 .ARM.attributes
                0x00000000000003b3       0x2e /home/abdelfattah/.platformio/packages/toolchain-gccarmnoneeabi/bin/../lib/gcc/arm-none-eabi/7.2.1/../../../../arm-none-eabi/lib/thumb/v7e-m/libc_nano.a(lib_a-lseekr.o)
 .ARM.attributes
                0x00000000000003e1       0x2e /home/abdelfattah/.platformio/packages/toolchain-gccarmnoneeabi/bin/../lib/gcc/arm-none-eabi/7.2.1/../../../../arm-none-eabi/lib/thumb/v7e-m/libc_nano.a(lib_a-makebuf.o)
 .ARM.attributes
                0x000000000000040f       0x1c /home/abdelfattah/.platformio/packages/toolchain-gccarmnoneeabi/bin/../lib/gcc/arm-none-eabi/7.2.1/../../../../arm-none-eabi/lib/thumb/v7e-m/libc_nano.a(lib_a-memchr.o)
 .ARM.attributes
                0x000000000000042b       0x2e /home/abdelfattah/.platformio/packages/toolchain-gccarmnoneeabi/bin/../lib/gcc/arm-none-eabi/7.2.1/../../../../arm-none-eabi/lib/thumb/v7e-m/libc_nano.a(lib_a-mlock.o)
 .ARM.attributes
                0x0000000000000459       0x2e /home/abdelfattah/.platformio/packages/toolchain-gccarmnoneeabi/bin/../lib/gcc/arm-none-eabi/7.2.1/../../../../arm-none-eabi/lib/thumb/v7e-m/libc_nano.a(lib_a-nano-freer.o)
 .ARM.attributes
                0x0000000000000487       0x2e /home/abdelfattah/.platformio/packages/toolchain-gccarmnoneeabi/bin/../lib/gcc/arm-none-eabi/7.2.1/../../../../arm-none-eabi/lib/thumb/v7e-m/libc_nano.a(lib_a-readr.o)
 .ARM.attributes
                0x00000000000004b5       0x2e /home/abdelfattah/.platformio/packages/toolchain-gccarmnoneeabi/bin/../lib/gcc/arm-none-eabi/7.2.1/../../../../arm-none-eabi/lib/thumb/v7e-m/libc_nano.a(lib_a-reent.o)
 .ARM.attributes
                0x00000000000004e3       0x2e /home/abdelfattah/.platformio/packages/toolchain-gccarmnoneeabi/bin/../lib/gcc/arm-none-eabi/7.2.1/../../../../arm-none-eabi/lib/thumb/v7e-m/libc_nano.a(lib_a-fstatr.o)
 .ARM.attributes
                0x0000000000000511       0x2e /home/abdelfattah/.platformio/packages/toolchain-gccarmnoneeabi/bin/../lib/gcc/arm-none-eabi/7.2.1/../../../../arm-none-eabi/lib/thumb/v7e-m/libc_nano.a(lib_a-isattyr.o)
 .ARM.attributes
                0x000000000000053f       0x2e /home/abdelfattah/.platformio/packages/toolchain-gccarmnoneeabi/bin/../lib/gcc/arm-none-eabi/7.2.1/../../../../arm-none-eabi/lib/thumb/v7e-m/libnosys.a(close.o)
 .ARM.attributes
                0x000000000000056d       0x2e /home/abdelfattah/.platformio/packages/toolchain-gccarmnoneeabi/bin/../lib/gcc/arm-none-eabi/7.2.1/../../../../arm-none-eabi/lib/thumb/v7e-m/libnosys.a(fstat.o)
 .ARM.attributes
                0x000000000000059b       0x2e /home/abdelfattah/.platformio/packages/toolchain-gccarmnoneeabi/bin/../lib/gcc/arm-none-eabi/7.2.1/../../../../arm-none-eabi/lib/thumb/v7e-m/libnosys.a(isatty.o)
 .ARM.attributes
                0x00000000000005c9       0x2e /home/abdelfattah/.platformio/packages/toolchain-gccarmnoneeabi/bin/../lib/gcc/arm-none-eabi/7.2.1/../../../../arm-none-eabi/lib/thumb/v7e-m/libnosys.a(lseek.o)
 .ARM.attributes
                0x00000000000005f7       0x2e /home/abdelfattah/.platformio/packages/toolchain-gccarmnoneeabi/bin/../lib/gcc/arm-none-eabi/7.2.1/../../../../arm-none-eabi/lib/thumb/v7e-m/libnosys.a(read.o)
 .ARM.attributes
                0x0000000000000625       0x2e /home/abdelfattah/.platformio/packages/toolchain-gccarmnoneeabi/bin/../lib/gcc/arm-none-eabi/7.2.1/../../../../arm-none-eabi/lib/thumb/v7e-m/libnosys.a(sbrk.o)
 .ARM.attributes
                0x0000000000000653       0x2e /home/abdelfattah/.platformio/packages/toolchain-gccarmnoneeabi/bin/../lib/gcc/arm-none-eabi/7.2.1/../../../../arm-none-eabi/lib/thumb/v7e-m/libnosys.a(write.o)
 .ARM.attributes
                0x0000000000000681       0x1e /home/abdelfattah/.platformio/packages/toolchain-gccarmnoneeabi/bin/../lib/gcc/arm-none-eabi/7.2.1/thumb/v7e-m/crtn.o
OUTPUT(.pio/build/genericSTM32F401CC/firmware.elf elf32-littlearm)

.debug_line     0x0000000000000000      0x4b0
 .debug_line    0x0000000000000000       0xca .pio/build/genericSTM32F401CC/FrameworkCMSIS/gcc/startup_stm32f401xc.o
 .debug_line    0x00000000000000ca      0x25a .pio/build/genericSTM32F401CC/FrameworkCMSIS/system_stm32f4xx.o
 .debug_line    0x0000000000000324      0x18c .pio/build/genericSTM32F401CC/src/main.o

.debug_info     0x0000000000000000      0xd00
 .debug_info    0x0000000000000000       0x22 .pio/build/genericSTM32F401CC/FrameworkCMSIS/gcc/startup_stm32f401xc.o
 .debug_info    0x0000000000000022      0x382 .pio/build/genericSTM32F401CC/FrameworkCMSIS/system_stm32f4xx.o
 .debug_info    0x00000000000003a4      0x95c .pio/build/genericSTM32F401CC/src/main.o

.debug_abbrev   0x0000000000000000      0x322
 .debug_abbrev  0x0000000000000000       0x12 .pio/build/genericSTM32F401CC/FrameworkCMSIS/gcc/startup_stm32f401xc.o
 .debug_abbrev  0x0000000000000012      0x10e .pio/build/genericSTM32F401CC/FrameworkCMSIS/system_stm32f4xx.o
 .debug_abbrev  0x0000000000000120      0x202 .pio/build/genericSTM32F401CC/src/main.o

.debug_aranges  0x0000000000000000       0x70
 .debug_aranges
                0x0000000000000000       0x28 .pio/build/genericSTM32F401CC/FrameworkCMSIS/gcc/startup_stm32f401xc.o
 .debug_aranges
                0x0000000000000028       0x28 .pio/build/genericSTM32F401CC/FrameworkCMSIS/system_stm32f4xx.o
 .debug_aranges
                0x0000000000000050       0x20 .pio/build/genericSTM32F401CC/src/main.o

.debug_str      0x0000000000000000      0x79d
 .debug_str     0x0000000000000000       0xbd .pio/build/genericSTM32F401CC/FrameworkCMSIS/gcc/startup_stm32f401xc.o
 .debug_str     0x00000000000000bd      0x2e4 .pio/build/genericSTM32F401CC/FrameworkCMSIS/system_stm32f4xx.o
                                        0x37a (size before relaxing)
 .debug_str     0x00000000000003a1      0x3fc .pio/build/genericSTM32F401CC/src/main.o
                                        0x57c (size before relaxing)

.debug_ranges   0x0000000000000000       0x48
 .debug_ranges  0x0000000000000000       0x20 .pio/build/genericSTM32F401CC/FrameworkCMSIS/gcc/startup_stm32f401xc.o
 .debug_ranges  0x0000000000000020       0x18 .pio/build/genericSTM32F401CC/FrameworkCMSIS/system_stm32f4xx.o
 .debug_ranges  0x0000000000000038       0x10 .pio/build/genericSTM32F401CC/src/main.o

.debug_loc      0x0000000000000000       0xba
 .debug_loc     0x0000000000000000       0xba .pio/build/genericSTM32F401CC/FrameworkCMSIS/system_stm32f4xx.o

.comment        0x0000000000000000       0x7e
 .comment       0x0000000000000000       0x7e .pio/build/genericSTM32F401CC/FrameworkCMSIS/system_stm32f4xx.o
                                         0x7f (size before relaxing)
 .comment       0x000000000000007e       0x7f .pio/build/genericSTM32F401CC/src/main.o

.debug_frame    0x0000000000000000      0x84c
 .debug_frame   0x0000000000000000       0x30 .pio/build/genericSTM32F401CC/FrameworkCMSIS/system_stm32f4xx.o
 .debug_frame   0x0000000000000030       0x28 .pio/build/genericSTM32F401CC/src/main.o
 .debug_frame   0x0000000000000058       0x2c /home/abdelfattah/.platformio/packages/toolchain-gccarmnoneeabi/bin/../lib/gcc/arm-none-eabi/7.2.1/../../../../arm-none-eabi/lib/thumb/v7e-m/libc_nano.a(lib_a-init.o)
 .debug_frame   0x0000000000000084       0x20 /home/abdelfattah/.platformio/packages/toolchain-gccarmnoneeabi/bin/../lib/gcc/arm-none-eabi/7.2.1/../../../../arm-none-eabi/lib/thumb/v7e-m/libc_nano.a(lib_a-memset.o)
 .debug_frame   0x00000000000000a4       0x74 /home/abdelfattah/.platformio/packages/toolchain-gccarmnoneeabi/bin/../lib/gcc/arm-none-eabi/7.2.1/../../../../arm-none-eabi/lib/thumb/v7e-m/libc_nano.a(lib_a-printf.o)
 .debug_frame   0x0000000000000118      0x11c /home/abdelfattah/.platformio/packages/toolchain-gccarmnoneeabi/bin/../lib/gcc/arm-none-eabi/7.2.1/../../../../arm-none-eabi/lib/thumb/v7e-m/libc_nano.a(lib_a-findfp.o)
 .debug_frame   0x0000000000000234       0x54 /home/abdelfattah/.platformio/packages/toolchain-gccarmnoneeabi/bin/../lib/gcc/arm-none-eabi/7.2.1/../../../../arm-none-eabi/lib/thumb/v7e-m/libc_nano.a(lib_a-fwalk.o)
 .debug_frame   0x0000000000000288       0x2c /home/abdelfattah/.platformio/packages/toolchain-gccarmnoneeabi/bin/../lib/gcc/arm-none-eabi/7.2.1/../../../../arm-none-eabi/lib/thumb/v7e-m/libc_nano.a(lib_a-nano-mallocr.o)
 .debug_frame   0x00000000000002b4       0xac /home/abdelfattah/.platformio/packages/toolchain-gccarmnoneeabi/bin/../lib/gcc/arm-none-eabi/7.2.1/../../../../arm-none-eabi/lib/thumb/v7e-m/libc_nano.a(lib_a-nano-vfprintf.o)
 .debug_frame   0x0000000000000360       0x60 /home/abdelfattah/.platformio/packages/toolchain-gccarmnoneeabi/bin/../lib/gcc/arm-none-eabi/7.2.1/../../../../arm-none-eabi/lib/thumb/v7e-m/libc_nano.a(lib_a-nano-vfprintf_i.o)
 .debug_frame   0x00000000000003c0       0x2c /home/abdelfattah/.platformio/packages/toolchain-gccarmnoneeabi/bin/../lib/gcc/arm-none-eabi/7.2.1/../../../../arm-none-eabi/lib/thumb/v7e-m/libc_nano.a(lib_a-sbrkr.o)
 .debug_frame   0x00000000000003ec       0x88 /home/abdelfattah/.platformio/packages/toolchain-gccarmnoneeabi/bin/../lib/gcc/arm-none-eabi/7.2.1/../../../../arm-none-eabi/lib/thumb/v7e-m/libc_nano.a(lib_a-stdio.o)
 .debug_frame   0x0000000000000474       0x40 /home/abdelfattah/.platformio/packages/toolchain-gccarmnoneeabi/bin/../lib/gcc/arm-none-eabi/7.2.1/../../../../arm-none-eabi/lib/thumb/v7e-m/libc_nano.a(lib_a-wbuf.o)
 .debug_frame   0x00000000000004b4       0x2c /home/abdelfattah/.platformio/packages/toolchain-gccarmnoneeabi/bin/../lib/gcc/arm-none-eabi/7.2.1/../../../../arm-none-eabi/lib/thumb/v7e-m/libc_nano.a(lib_a-writer.o)
 .debug_frame   0x00000000000004e0       0x2c /home/abdelfattah/.platformio/packages/toolchain-gccarmnoneeabi/bin/../lib/gcc/arm-none-eabi/7.2.1/../../../../arm-none-eabi/lib/thumb/v7e-m/libc_nano.a(lib_a-wsetup.o)
 .debug_frame   0x000000000000050c       0x2c /home/abdelfattah/.platformio/packages/toolchain-gccarmnoneeabi/bin/../lib/gcc/arm-none-eabi/7.2.1/../../../../arm-none-eabi/lib/thumb/v7e-m/libc_nano.a(lib_a-closer.o)
 .debug_frame   0x0000000000000538       0x68 /home/abdelfattah/.platformio/packages/toolchain-gccarmnoneeabi/bin/../lib/gcc/arm-none-eabi/7.2.1/../../../../arm-none-eabi/lib/thumb/v7e-m/libc_nano.a(lib_a-fflush.o)
 .debug_frame   0x00000000000005a0       0x2c /home/abdelfattah/.platformio/packages/toolchain-gccarmnoneeabi/bin/../lib/gcc/arm-none-eabi/7.2.1/../../../../arm-none-eabi/lib/thumb/v7e-m/libc_nano.a(lib_a-lseekr.o)
 .debug_frame   0x00000000000005cc       0x58 /home/abdelfattah/.platformio/packages/toolchain-gccarmnoneeabi/bin/../lib/gcc/arm-none-eabi/7.2.1/../../../../arm-none-eabi/lib/thumb/v7e-m/libc_nano.a(lib_a-makebuf.o)
 .debug_frame   0x0000000000000624       0x30 /home/abdelfattah/.platformio/packages/toolchain-gccarmnoneeabi/bin/../lib/gcc/arm-none-eabi/7.2.1/../../../../arm-none-eabi/lib/thumb/v7e-m/libc_nano.a(lib_a-mlock.o)
 .debug_frame   0x0000000000000654       0x38 /home/abdelfattah/.platformio/packages/toolchain-gccarmnoneeabi/bin/../lib/gcc/arm-none-eabi/7.2.1/../../../../arm-none-eabi/lib/thumb/v7e-m/libc_nano.a(lib_a-nano-freer.o)
 .debug_frame   0x000000000000068c       0x2c /home/abdelfattah/.platformio/packages/toolchain-gccarmnoneeabi/bin/../lib/gcc/arm-none-eabi/7.2.1/../../../../arm-none-eabi/lib/thumb/v7e-m/libc_nano.a(lib_a-readr.o)
 .debug_frame   0x00000000000006b8       0x5c /home/abdelfattah/.platformio/packages/toolchain-gccarmnoneeabi/bin/../lib/gcc/arm-none-eabi/7.2.1/../../../../arm-none-eabi/lib/thumb/v7e-m/libc_nano.a(lib_a-reent.o)
 .debug_frame   0x0000000000000714       0x2c /home/abdelfattah/.platformio/packages/toolchain-gccarmnoneeabi/bin/../lib/gcc/arm-none-eabi/7.2.1/../../../../arm-none-eabi/lib/thumb/v7e-m/libc_nano.a(lib_a-fstatr.o)
 .debug_frame   0x0000000000000740       0x2c /home/abdelfattah/.platformio/packages/toolchain-gccarmnoneeabi/bin/../lib/gcc/arm-none-eabi/7.2.1/../../../../arm-none-eabi/lib/thumb/v7e-m/libc_nano.a(lib_a-isattyr.o)
 .debug_frame   0x000000000000076c       0x20 /home/abdelfattah/.platformio/packages/toolchain-gccarmnoneeabi/bin/../lib/gcc/arm-none-eabi/7.2.1/../../../../arm-none-eabi/lib/thumb/v7e-m/libnosys.a(close.o)
 .debug_frame   0x000000000000078c       0x20 /home/abdelfattah/.platformio/packages/toolchain-gccarmnoneeabi/bin/../lib/gcc/arm-none-eabi/7.2.1/../../../../arm-none-eabi/lib/thumb/v7e-m/libnosys.a(fstat.o)
 .debug_frame   0x00000000000007ac       0x20 /home/abdelfattah/.platformio/packages/toolchain-gccarmnoneeabi/bin/../lib/gcc/arm-none-eabi/7.2.1/../../../../arm-none-eabi/lib/thumb/v7e-m/libnosys.a(isatty.o)
 .debug_frame   0x00000000000007cc       0x20 /home/abdelfattah/.platformio/packages/toolchain-gccarmnoneeabi/bin/../lib/gcc/arm-none-eabi/7.2.1/../../../../arm-none-eabi/lib/thumb/v7e-m/libnosys.a(lseek.o)
 .debug_frame   0x00000000000007ec       0x20 /home/abdelfattah/.platformio/packages/toolchain-gccarmnoneeabi/bin/../lib/gcc/arm-none-eabi/7.2.1/../../../../arm-none-eabi/lib/thumb/v7e-m/libnosys.a(read.o)
 .debug_frame   0x000000000000080c       0x20 /home/abdelfattah/.platformio/packages/toolchain-gccarmnoneeabi/bin/../lib/gcc/arm-none-eabi/7.2.1/../../../../arm-none-eabi/lib/thumb/v7e-m/libnosys.a(sbrk.o)
 .debug_frame   0x000000000000082c       0x20 /home/abdelfattah/.platformio/packages/toolchain-gccarmnoneeabi/bin/../lib/gcc/arm-none-eabi/7.2.1/../../../../arm-none-eabi/lib/thumb/v7e-m/libnosys.a(write.o)

.stab           0x0000000000000000       0x9c
 .stab          0x0000000000000000       0x24 /home/abdelfattah/.platformio/packages/toolchain-gccarmnoneeabi/bin/../lib/gcc/arm-none-eabi/7.2.1/../../../../arm-none-eabi/lib/thumb/v7e-m/libnosys.a(close.o)
 .stab          0x0000000000000024       0x18 /home/abdelfattah/.platformio/packages/toolchain-gccarmnoneeabi/bin/../lib/gcc/arm-none-eabi/7.2.1/../../../../arm-none-eabi/lib/thumb/v7e-m/libnosys.a(fstat.o)
                                         0x24 (size before relaxing)
 .stab          0x000000000000003c       0x18 /home/abdelfattah/.platformio/packages/toolchain-gccarmnoneeabi/bin/../lib/gcc/arm-none-eabi/7.2.1/../../../../arm-none-eabi/lib/thumb/v7e-m/libnosys.a(isatty.o)
                                         0x24 (size before relaxing)
 .stab          0x0000000000000054       0x18 /home/abdelfattah/.platformio/packages/toolchain-gccarmnoneeabi/bin/../lib/gcc/arm-none-eabi/7.2.1/../../../../arm-none-eabi/lib/thumb/v7e-m/libnosys.a(lseek.o)
                                         0x24 (size before relaxing)
 .stab          0x000000000000006c       0x18 /home/abdelfattah/.platformio/packages/toolchain-gccarmnoneeabi/bin/../lib/gcc/arm-none-eabi/7.2.1/../../../../arm-none-eabi/lib/thumb/v7e-m/libnosys.a(read.o)
                                         0x24 (size before relaxing)
 .stab          0x0000000000000084       0x18 /home/abdelfattah/.platformio/packages/toolchain-gccarmnoneeabi/bin/../lib/gcc/arm-none-eabi/7.2.1/../../../../arm-none-eabi/lib/thumb/v7e-m/libnosys.a(write.o)
                                         0x24 (size before relaxing)

.stabstr        0x0000000000000000      0x14d
 .stabstr       0x0000000000000000      0x14d /home/abdelfattah/.platformio/packages/toolchain-gccarmnoneeabi/bin/../lib/gcc/arm-none-eabi/7.2.1/../../../../arm-none-eabi/lib/thumb/v7e-m/libnosys.a(close.o)
